// Jest Snapshot v1, https://goo.gl/fbAQLP

exports[`should render without error 1`] = `
<div>
  <div
    class="p-12 pt-8"
  >
    <div
      class="relative"
      style="padding-bottom: 100%;"
    >
      <img
        alt="test"
        class="absolute w-full h-full object-cover"
        src="https://via.placeholder.com/150"
      />
    </div>
  </div>
</div>
`;
